+-------------------+--------------+--------+------------+
| IDENTIFYING GROUP | ABBREVIATION | PREFIX | IDENTIFIER |
+-------------------+--------------+--------+------------+
| English1          | en1          |    978 |          0 |
| English2          | en2          |    978 |          1 |
| French            | fr           |    978 |          2 |
| German            | de           |    978 |          3 |
| Japan             | jp           |    978 |          4 |
| Russia            | ru           |    978 |          5 |
| China             | cn           |    978 |          7 |
| Brazil            | br           |    978 |         65 |
| Czech             | cz           |    978 |         80 |
| India             | in           |    978 |         81 |
| Norge             | no           |    978 |         82 |
| Poland            | pl           |    978 |         83 |
| Spain             | es           |    978 |         84 |
| Brazil2           | br2          |    978 |         85 |
| Serbia            | rs           |    978 |         86 |
| Denmark           | dk           |    978 |         87 |
| Italy             | it           |    978 |         88 |
| SouthKorea        | kr           |    978 |         89 |
| Netherlands       | nl           |    978 |         90 |
| Sweden            | se           |    978 |         91 |
| NGO               | ngo          |    978 |         92 |
| India2            | in2          |    978 |         93 |
| Netherlands2      | nl2          |    978 |         94 |
| French2           | fr2          |    979 |         10 |
| SouthKorea2       | kr2          |    979 |         11 |
| Italy2            | it2          |    979 |         12 |
+-------------------+--------------+--------+------------+
